// Jest Snapshot v1, https://goo.gl/fbAQLP

exports[`should load the config 1`] = `
{
  "secrets": {
    "encryption_key": "0123456789abcdef0123456789abcdef0123456789abcdef0123456789abcdef",
  },
  "spreadsheets": {
    "interslavic_intelligibility": {
      "id": "1wXjUu15x6hSpDzDUbLVUwLgDua2DyXs-xjpxGJvFCno",
      "permissions": {
        "admin": "owner",
        "user": "editor",
      },
      "sheets": [
        {
          "name": "flavorizations",
        },
        {
          "name": "be",
        },
        {
          "name": "bg",
        },
        {
          "name": "cs",
        },
        {
          "name": "hr",
        },
        {
          "name": "mk",
        },
        {
          "name": "pl",
        },
        {
          "name": "ru",
        },
        {
          "name": "sk",
        },
        {
          "name": "sl",
        },
        {
          "name": "uk",
        },
      ],
    },
    "new_interslavic_words_list": {
      "id": "1N79e_yVHDo-d026HljueuKJlAAdeELAiPzdFzdBuKbY",
      "sheets": [
        {
          "name": "words",
        },
        {
          "name": "words_add_lang",
        },
      ],
    },
  },
  "users": {
    "admin": {
      "comment": "Admin",
      "email": "admin@localhost",
    },
    "user": {
      "comment": "User",
      "email": "user@localhost",
    },
  },
}
`;
